
19. Printing statistics.

=== cntr_example ===

   Number of wires:                260
   Number of wire bits:            334
   Number of public wires:           7
   Number of public wire bits:      81
   Number of memories:               0
   Number of memory bits:            0
   Number of processes:              0
   Number of cells:                291
     gf180mcu_fd_sc_mcu7t5v0__and2_1      3
     gf180mcu_fd_sc_mcu7t5v0__and3_1      2
     gf180mcu_fd_sc_mcu7t5v0__and4_1      8
     gf180mcu_fd_sc_mcu7t5v0__aoi211_1      1
     gf180mcu_fd_sc_mcu7t5v0__aoi21_1     19
     gf180mcu_fd_sc_mcu7t5v0__buf_1     17
     gf180mcu_fd_sc_mcu7t5v0__clkinv_1     35
     gf180mcu_fd_sc_mcu7t5v0__dffrnq_1     32
     gf180mcu_fd_sc_mcu7t5v0__inv_1     32
     gf180mcu_fd_sc_mcu7t5v0__nand2_1     20
     gf180mcu_fd_sc_mcu7t5v0__nand3_1      8
     gf180mcu_fd_sc_mcu7t5v0__nand4_1      6
     gf180mcu_fd_sc_mcu7t5v0__nor2_1     47
     gf180mcu_fd_sc_mcu7t5v0__nor3_1      2
     gf180mcu_fd_sc_mcu7t5v0__nor4_1      3
     gf180mcu_fd_sc_mcu7t5v0__oai21_1      2
     gf180mcu_fd_sc_mcu7t5v0__oai22_1      2
     gf180mcu_fd_sc_mcu7t5v0__oai32_1     30
     gf180mcu_fd_sc_mcu7t5v0__or2_1      2
     gf180mcu_fd_sc_mcu7t5v0__or4_1      1
     gf180mcu_fd_sc_mcu7t5v0__tiel      6
     gf180mcu_fd_sc_mcu7t5v0__xor2_1     13

   Chip area for module '\cntr_example': 6352.908800

